V3 31
FL /home/student2/nssheth/Desktop/coe758/project2/simpleVideoGame/clock_gen.vhd 2019/11/25.18:30:22 O.87xd
EN work/clock_gen 1574800237 \
      FL /home/student2/nssheth/Desktop/coe758/project2/simpleVideoGame/clock_gen.vhd \
      PB ieee/std_logic_1164 1325952872
AR work/clock_gen/Behavioral 1574800238 \
      FL /home/student2/nssheth/Desktop/coe758/project2/simpleVideoGame/clock_gen.vhd \
      EN work/clock_gen 1574800237
FL /home/student2/nssheth/Desktop/coe758/project2/simpleVideoGame/counter.vhd 2019/11/25.21:00:32 O.87xd
EN work/counter 1574800239 \
      FL /home/student2/nssheth/Desktop/coe758/project2/simpleVideoGame/counter.vhd \
      PB ieee/std_logic_1164 1325952872 PB ieee/NUMERIC_STD 1325952877
AR work/counter/Behavioral 1574800240 \
      FL /home/student2/nssheth/Desktop/coe758/project2/simpleVideoGame/counter.vhd \
      EN work/counter 1574800239
FL /home/student2/nssheth/Desktop/coe758/project2/simpleVideoGame/ipcore_dir/icon.vhd 2019/11/26.14:52:19 O.87xd
EN work/icon 1574799322 \
      FL /home/student2/nssheth/Desktop/coe758/project2/simpleVideoGame/ipcore_dir/icon.vhd \
      PB ieee/std_logic_1164 1325952872
AR work/icon/icon_a 1574799323 \
      FL /home/student2/nssheth/Desktop/coe758/project2/simpleVideoGame/ipcore_dir/icon.vhd \
      EN work/icon 1574799322
FL /home/student2/nssheth/Desktop/coe758/project2/simpleVideoGame/ipcore_dir/ila.vhd 2019/11/26.14:58:35 O.87xd
EN work/ila 1574799324 \
      FL /home/student2/nssheth/Desktop/coe758/project2/simpleVideoGame/ipcore_dir/ila.vhd \
      PB ieee/std_logic_1164 1325952872
AR work/ila/ila_a 1574799325 \
      FL /home/student2/nssheth/Desktop/coe758/project2/simpleVideoGame/ipcore_dir/ila.vhd \
      EN work/ila 1574799324
FL /home/student2/nssheth/Desktop/coe758/project2/simpleVideoGame/ipcore_dir/my_icon.vhd 2019/11/26.15:25:28 O.87xd
EN work/my_icon 1574800233 \
      FL /home/student2/nssheth/Desktop/coe758/project2/simpleVideoGame/ipcore_dir/my_icon.vhd \
      PB ieee/std_logic_1164 1325952872
AR work/my_icon/my_icon_a 1574800234 \
      FL /home/student2/nssheth/Desktop/coe758/project2/simpleVideoGame/ipcore_dir/my_icon.vhd \
      EN work/my_icon 1574800233
FL /home/student2/nssheth/Desktop/coe758/project2/simpleVideoGame/ipcore_dir/my_ila.vhd 2019/11/26.15:29:29 O.87xd
EN work/my_ila 1574800235 \
      FL /home/student2/nssheth/Desktop/coe758/project2/simpleVideoGame/ipcore_dir/my_ila.vhd \
      PB ieee/std_logic_1164 1325952872
AR work/my_ila/my_ila_a 1574800236 \
      FL /home/student2/nssheth/Desktop/coe758/project2/simpleVideoGame/ipcore_dir/my_ila.vhd \
      EN work/my_ila 1574800235
FL /home/student2/nssheth/Desktop/coe758/project2/simpleVideoGame/paddles.vhd 2019/11/26.12:37:54 O.87xd
EN work/paddles 1574800241 \
      FL /home/student2/nssheth/Desktop/coe758/project2/simpleVideoGame/paddles.vhd \
      PB ieee/std_logic_1164 1325952872
AR work/paddles/Behavioral 1574800242 \
      FL /home/student2/nssheth/Desktop/coe758/project2/simpleVideoGame/paddles.vhd \
      EN work/paddles 1574800241
FL /home/student2/nssheth/Desktop/coe758/project2/simpleVideoGame/project2.vhd 2019/11/26.15:30:29 O.87xd
EN work/project2 1574800243 \
      FL /home/student2/nssheth/Desktop/coe758/project2/simpleVideoGame/project2.vhd \
      PB ieee/std_logic_1164 1325952872 PB ieee/NUMERIC_STD 1325952877
AR work/project2/Behavioral 1574800244 \
      FL /home/student2/nssheth/Desktop/coe758/project2/simpleVideoGame/project2.vhd \
      EN work/project2 1574800243 CP my_icon CP my_ila CP clock_gen CP counter \
      CP paddles
